ERROR: Invalid integer literal suffix: 0X
ERROR: Invalid integer literal suffix: 0X
ERROR: Invalid integer literal suffix: 0lL
ERROR: Invalid integer literal suffix: 0lL
ERROR: Invalid integer literal suffix: 0uX
ERROR: invalid hexidecimal: 0Xu
ERROR: Invalid integer literal suffix: 0ulL
ERROR: Invalid integer literal suffix: 0lLu
ERROR: Invalid integer literal suffix: 0u_ud2
ERROR: Invalid integer literal suffix: 0UX
ERROR: invalid hexidecimal: 0XU
ERROR: Invalid integer literal suffix: 0UlL
ERROR: Invalid integer literal suffix: 0lLU
ERROR: Invalid integer literal suffix: 0U_ud2
ERROR: Invalid integer literal suffix: 0W
ERROR: Invalid integer literal suffix: 0W
ERROR: Invalid integer literal suffix: 0Wl
ERROR: Invalid integer literal suffix: 0lW
ERROR: Invalid integer literal suffix: 0WL
ERROR: Invalid integer literal suffix: 0LW
ERROR: Invalid integer literal suffix: 0Wll
ERROR: Invalid integer literal suffix: 0llW
ERROR: Invalid integer literal suffix: 0WLL
ERROR: Invalid integer literal suffix: 0LLW
ERROR: Invalid integer literal suffix: 0WX
ERROR: invalid hexidecimal: 0XW
ERROR: Invalid integer literal suffix: 0WlL
ERROR: Invalid integer literal suffix: 0lLW
ERROR: Invalid integer literal suffix: 0W_ud2
ERROR: Invalid integer literal suffix: 0l_ud1
ERROR: Invalid integer literal suffix: 0L_ud1
ERROR: Invalid integer literal suffix: 0ll_ud1
ERROR: Invalid integer literal suffix: 0LL_ud1
ERROR: invalid hexidecimal: 0X_ud1
ERROR: Invalid integer literal suffix: 0lL_ud1
ERROR: Invalid integer literal suffix: 0x0X
ERROR: Invalid integer literal suffix: 0x0X
ERROR: Invalid integer literal suffix: 0x0lL
ERROR: Invalid integer literal suffix: 0x0lL
ERROR: Invalid integer literal suffix: 0x0uX
ERROR: Invalid integer literal suffix: 0x0Xu
ERROR: Invalid integer literal suffix: 0x0ulL
ERROR: Invalid integer literal suffix: 0x0lLu
ERROR: Invalid integer literal suffix: 0x0u_ud2
ERROR: Invalid integer literal suffix: 0x0UX
ERROR: Invalid integer literal suffix: 0x0XU
ERROR: Invalid integer literal suffix: 0x0UlL
ERROR: Invalid integer literal suffix: 0x0lLU
ERROR: Invalid integer literal suffix: 0x0U_ud2
ERROR: Invalid integer literal suffix: 0x0W
ERROR: Invalid integer literal suffix: 0x0W
ERROR: Invalid integer literal suffix: 0x0Wl
ERROR: Invalid integer literal suffix: 0x0lW
ERROR: Invalid integer literal suffix: 0x0WL
ERROR: Invalid integer literal suffix: 0x0LW
ERROR: Invalid integer literal suffix: 0x0Wll
ERROR: Invalid integer literal suffix: 0x0llW
ERROR: Invalid integer literal suffix: 0x0WLL
ERROR: Invalid integer literal suffix: 0x0LLW
ERROR: Invalid integer literal suffix: 0x0WX
ERROR: Invalid integer literal suffix: 0x0XW
ERROR: Invalid integer literal suffix: 0x0WlL
ERROR: Invalid integer literal suffix: 0x0lLW
ERROR: Invalid integer literal suffix: 0x0W_ud2
ERROR: Invalid integer literal suffix: 0x0l_ud1
ERROR: Invalid integer literal suffix: 0x0L_ud1
ERROR: Invalid integer literal suffix: 0x0ll_ud1
ERROR: Invalid integer literal suffix: 0x0LL_ud1
ERROR: Invalid integer literal suffix: 0x0X_ud1
ERROR: Invalid integer literal suffix: 0x0lL_ud1
ERROR: Invalid integer literal suffix: 00X
ERROR: Invalid integer literal suffix: 00X
ERROR: Invalid integer literal suffix: 00lL
ERROR: Invalid integer literal suffix: 00lL
ERROR: Invalid integer literal suffix: 00uX
ERROR: Invalid integer literal suffix: 00Xu
ERROR: Invalid integer literal suffix: 00ulL
ERROR: Invalid integer literal suffix: 00lLu
ERROR: Invalid integer literal suffix: 00u_ud2
ERROR: Invalid integer literal suffix: 00UX
ERROR: Invalid integer literal suffix: 00XU
ERROR: Invalid integer literal suffix: 00UlL
ERROR: Invalid integer literal suffix: 00lLU
ERROR: Invalid integer literal suffix: 00U_ud2
ERROR: Invalid integer literal suffix: 00W
ERROR: Invalid integer literal suffix: 00W
ERROR: Invalid integer literal suffix: 00Wl
ERROR: Invalid integer literal suffix: 00lW
ERROR: Invalid integer literal suffix: 00WL
ERROR: Invalid integer literal suffix: 00LW
ERROR: Invalid integer literal suffix: 00Wll
ERROR: Invalid integer literal suffix: 00llW
ERROR: Invalid integer literal suffix: 00WLL
ERROR: Invalid integer literal suffix: 00LLW
ERROR: Invalid integer literal suffix: 00WX
ERROR: Invalid integer literal suffix: 00XW
ERROR: Invalid integer literal suffix: 00WlL
ERROR: Invalid integer literal suffix: 00lLW
ERROR: Invalid integer literal suffix: 00W_ud2
ERROR: Invalid integer literal suffix: 00l_ud1
ERROR: Invalid integer literal suffix: 00L_ud1
ERROR: Invalid integer literal suffix: 00ll_ud1
ERROR: Invalid integer literal suffix: 00LL_ud1
ERROR: Invalid integer literal suffix: 00X_ud1
ERROR: Invalid integer literal suffix: 00lL_ud1
ERROR: Invalid integer literal suffix: 123X
ERROR: Invalid integer literal suffix: 123X
ERROR: Invalid integer literal suffix: 123lL
ERROR: Invalid integer literal suffix: 123lL
ERROR: Invalid integer literal suffix: 123uX
ERROR: Invalid integer literal suffix: 123Xu
ERROR: Invalid integer literal suffix: 123ulL
ERROR: Invalid integer literal suffix: 123lLu
ERROR: Invalid integer literal suffix: 123u_ud2
ERROR: Invalid integer literal suffix: 123UX
ERROR: Invalid integer literal suffix: 123XU
ERROR: Invalid integer literal suffix: 123UlL
ERROR: Invalid integer literal suffix: 123lLU
ERROR: Invalid integer literal suffix: 123U_ud2
ERROR: Invalid integer literal suffix: 123W
ERROR: Invalid integer literal suffix: 123W
ERROR: Invalid integer literal suffix: 123Wl
ERROR: Invalid integer literal suffix: 123lW
ERROR: Invalid integer literal suffix: 123WL
ERROR: Invalid integer literal suffix: 123LW
ERROR: Invalid integer literal suffix: 123Wll
ERROR: Invalid integer literal suffix: 123llW
ERROR: Invalid integer literal suffix: 123WLL
ERROR: Invalid integer literal suffix: 123LLW
ERROR: Invalid integer literal suffix: 123WX
ERROR: Invalid integer literal suffix: 123XW
ERROR: Invalid integer literal suffix: 123WlL
ERROR: Invalid integer literal suffix: 123lLW
ERROR: Invalid integer literal suffix: 123W_ud2
ERROR: Invalid integer literal suffix: 123l_ud1
ERROR: Invalid integer literal suffix: 123L_ud1
ERROR: Invalid integer literal suffix: 123ll_ud1
ERROR: Invalid integer literal suffix: 123LL_ud1
ERROR: Invalid integer literal suffix: 123X_ud1
ERROR: Invalid integer literal suffix: 123lL_ud1
ERROR: Invalid integer literal suffix: 0x123X
ERROR: Invalid integer literal suffix: 0x123X
ERROR: Invalid integer literal suffix: 0x123lL
ERROR: Invalid integer literal suffix: 0x123lL
ERROR: Invalid integer literal suffix: 0x123uX
ERROR: Invalid integer literal suffix: 0x123Xu
ERROR: Invalid integer literal suffix: 0x123ulL
ERROR: Invalid integer literal suffix: 0x123lLu
ERROR: Invalid integer literal suffix: 0x123u_ud2
ERROR: Invalid integer literal suffix: 0x123UX
ERROR: Invalid integer literal suffix: 0x123XU
ERROR: Invalid integer literal suffix: 0x123UlL
ERROR: Invalid integer literal suffix: 0x123lLU
ERROR: Invalid integer literal suffix: 0x123U_ud2
ERROR: Invalid integer literal suffix: 0x123W
ERROR: Invalid integer literal suffix: 0x123W
ERROR: Invalid integer literal suffix: 0x123Wl
ERROR: Invalid integer literal suffix: 0x123lW
ERROR: Invalid integer literal suffix: 0x123WL
ERROR: Invalid integer literal suffix: 0x123LW
ERROR: Invalid integer literal suffix: 0x123Wll
ERROR: Invalid integer literal suffix: 0x123llW
ERROR: Invalid integer literal suffix: 0x123WLL
ERROR: Invalid integer literal suffix: 0x123LLW
ERROR: Invalid integer literal suffix: 0x123WX
ERROR: Invalid integer literal suffix: 0x123XW
ERROR: Invalid integer literal suffix: 0x123WlL
ERROR: Invalid integer literal suffix: 0x123lLW
ERROR: Invalid integer literal suffix: 0x123W_ud2
ERROR: Invalid integer literal suffix: 0x123l_ud1
ERROR: Invalid integer literal suffix: 0x123L_ud1
ERROR: Invalid integer literal suffix: 0x123ll_ud1
ERROR: Invalid integer literal suffix: 0x123LL_ud1
ERROR: Invalid integer literal suffix: 0x123X_ud1
ERROR: Invalid integer literal suffix: 0x123lL_ud1
ERROR: Invalid integer literal suffix: 0123X
ERROR: Invalid integer literal suffix: 0123X
ERROR: Invalid integer literal suffix: 0123lL
ERROR: Invalid integer literal suffix: 0123lL
ERROR: Invalid integer literal suffix: 0123uX
ERROR: Invalid integer literal suffix: 0123Xu
ERROR: Invalid integer literal suffix: 0123ulL
ERROR: Invalid integer literal suffix: 0123lLu
ERROR: Invalid integer literal suffix: 0123u_ud2
ERROR: Invalid integer literal suffix: 0123UX
ERROR: Invalid integer literal suffix: 0123XU
ERROR: Invalid integer literal suffix: 0123UlL
ERROR: Invalid integer literal suffix: 0123lLU
ERROR: Invalid integer literal suffix: 0123U_ud2
ERROR: Invalid integer literal suffix: 0123W
ERROR: Invalid integer literal suffix: 0123W
ERROR: Invalid integer literal suffix: 0123Wl
ERROR: Invalid integer literal suffix: 0123lW
ERROR: Invalid integer literal suffix: 0123WL
ERROR: Invalid integer literal suffix: 0123LW
ERROR: Invalid integer literal suffix: 0123Wll
ERROR: Invalid integer literal suffix: 0123llW
ERROR: Invalid integer literal suffix: 0123WLL
ERROR: Invalid integer literal suffix: 0123LLW
ERROR: Invalid integer literal suffix: 0123WX
ERROR: Invalid integer literal suffix: 0123XW
ERROR: Invalid integer literal suffix: 0123WlL
ERROR: Invalid integer literal suffix: 0123lLW
ERROR: Invalid integer literal suffix: 0123W_ud2
ERROR: Invalid integer literal suffix: 0123l_ud1
ERROR: Invalid integer literal suffix: 0123L_ud1
ERROR: Invalid integer literal suffix: 0123ll_ud1
ERROR: Invalid integer literal suffix: 0123LL_ud1
ERROR: Invalid integer literal suffix: 0123X_ud1
ERROR: Invalid integer literal suffix: 0123lL_ud1
