ERROR: Invalid integer literal suffix: 00017777777777l_ud1
ERROR: Invalid integer literal suffix: 00017777777777L_ud1
ERROR: Invalid integer literal suffix: 00017777777777ll_ud1
ERROR: Invalid integer literal suffix: 00017777777777LL_ud1
ERROR: Invalid integer literal suffix: 017777777776l_ud1
ERROR: Invalid integer literal suffix: 017777777776L_ud1
ERROR: Invalid integer literal suffix: 017777777776ll_ud1
ERROR: Invalid integer literal suffix: 017777777776LL_ud1
ERROR: Invalid integer literal suffix: 020000000000l_ud1
ERROR: Invalid integer literal suffix: 020000000000L_ud1
ERROR: Invalid integer literal suffix: 020000000000ll_ud1
ERROR: Invalid integer literal suffix: 020000000000LL_ud1
ERROR: Invalid integer literal suffix: 037777777777l_ud1
ERROR: Invalid integer literal suffix: 037777777777L_ud1
ERROR: Invalid integer literal suffix: 037777777777ll_ud1
ERROR: Invalid integer literal suffix: 037777777777LL_ud1
ERROR: Invalid integer literal suffix: 037777777776l_ud1
ERROR: Invalid integer literal suffix: 037777777776L_ud1
ERROR: Invalid integer literal suffix: 037777777776ll_ud1
ERROR: Invalid integer literal suffix: 037777777776LL_ud1
ERROR: Invalid integer literal suffix: 040000000000l_ud1
ERROR: Invalid integer literal suffix: 040000000000L_ud1
ERROR: Invalid integer literal suffix: 040000000000ll_ud1
ERROR: Invalid integer literal suffix: 040000000000LL_ud1
ERROR: Invalid integer literal suffix: 0000000000777777777777777777777l_ud1
ERROR: Invalid integer literal suffix: 0000000000777777777777777777777L_ud1
ERROR: Invalid integer literal suffix: 0000000000777777777777777777777ll_ud1
ERROR: Invalid integer literal suffix: 0000000000777777777777777777777LL_ud1
ERROR: Invalid integer literal suffix: 0777777777777777777776l_ud1
ERROR: Invalid integer literal suffix: 0777777777777777777776L_ud1
ERROR: Invalid integer literal suffix: 0777777777777777777776ll_ud1
ERROR: Invalid integer literal suffix: 0777777777777777777776LL_ud1
ERROR: Invalid integer literal suffix: 01000000000000000000000l_ud1
ERROR: Invalid integer literal suffix: 01000000000000000000000L_ud1
ERROR: Invalid integer literal suffix: 01000000000000000000000ll_ud1
ERROR: Invalid integer literal suffix: 01000000000000000000000LL_ud1
ERROR: Invalid integer literal suffix: 00000000000000000001777777777777777777777l_ud1
ERROR: Invalid integer literal suffix: 00000000000000000001777777777777777777777L_ud1
ERROR: Invalid integer literal suffix: 00000000000000000001777777777777777777777ll_ud1
ERROR: Invalid integer literal suffix: 00000000000000000001777777777777777777777LL_ud1
ERROR: Invalid integer literal suffix: 01777777777777777777776l_ud1
ERROR: Invalid integer literal suffix: 01777777777777777777776L_ud1
ERROR: Invalid integer literal suffix: 01777777777777777777776ll_ud1
ERROR: Invalid integer literal suffix: 01777777777777777777776LL_ud1
ERROR: octal literal out of range: 02000000000000000000000
ERROR: octal literal out of range: 02000000000000000000000
ERROR: octal literal out of range: 02000000000000000000000l
ERROR: octal literal out of range: 02000000000000000000000l
ERROR: octal literal out of range: 02000000000000000000000L
ERROR: octal literal out of range: 02000000000000000000000L
ERROR: octal literal out of range: 02000000000000000000000ll
ERROR: octal literal out of range: 02000000000000000000000ll
ERROR: octal literal out of range: 02000000000000000000000LL
ERROR: octal literal out of range: 02000000000000000000000LL
ERROR: octal literal out of range: 02000000000000000000000u
ERROR: octal literal out of range: 02000000000000000000000u
ERROR: octal literal out of range: 02000000000000000000000ul
ERROR: octal literal out of range: 02000000000000000000000lu
ERROR: octal literal out of range: 02000000000000000000000uL
ERROR: octal literal out of range: 02000000000000000000000Lu
ERROR: octal literal out of range: 02000000000000000000000ull
ERROR: octal literal out of range: 02000000000000000000000llu
ERROR: octal literal out of range: 02000000000000000000000uLL
ERROR: octal literal out of range: 02000000000000000000000LLu
ERROR: octal literal out of range: 02000000000000000000000U
ERROR: octal literal out of range: 02000000000000000000000U
ERROR: octal literal out of range: 02000000000000000000000Ul
ERROR: octal literal out of range: 02000000000000000000000lU
ERROR: octal literal out of range: 02000000000000000000000UL
ERROR: octal literal out of range: 02000000000000000000000LU
ERROR: octal literal out of range: 02000000000000000000000Ull
ERROR: octal literal out of range: 02000000000000000000000llU
ERROR: octal literal out of range: 02000000000000000000000ULL
ERROR: octal literal out of range: 02000000000000000000000LLU
ERROR: octal literal out of range: 02000000000000000000000l_ud1
ERROR: octal literal out of range: 02000000000000000000000L_ud1
ERROR: octal literal out of range: 02000000000000000000000ll_ud1
ERROR: octal literal out of range: 02000000000000000000000LL_ud1
