ERROR: malformed number (#4): 0X
ERROR: malformed number (#4): 0X
ERROR: invalid integer suffix lL
ERROR: invalid integer suffix lL
ERROR: malformed number (#4): 0uX
ERROR: malformed number (#4): 0Xu
ERROR: invalid integer suffix ulL
ERROR: invalid integer suffix lLu
ERROR: malformed number (#2): 0u_ud2
ERROR: malformed number (#4): 0UX
ERROR: malformed number (#4): 0XU
ERROR: invalid integer suffix UlL
ERROR: invalid integer suffix lLU
ERROR: malformed number (#2): 0U_ud2
ERROR: malformed number (#4): 0W
ERROR: malformed number (#4): 0W
ERROR: malformed number (#4): 0Wl
ERROR: malformed number (#4): 0lW
ERROR: malformed number (#4): 0WL
ERROR: malformed number (#4): 0LW
ERROR: malformed number (#4): 0Wll
ERROR: malformed number (#4): 0llW
ERROR: malformed number (#4): 0WLL
ERROR: malformed number (#4): 0LLW
ERROR: malformed number (#4): 0WX
ERROR: malformed number (#3): 0XW
ERROR: invalid integer suffix lL
ERROR: malformed number (#4): 0lLW
ERROR: malformed number (#4): 0W_ud2
ERROR: malformed number (#2): 0l_ud1
ERROR: malformed number (#2): 0L_ud1
ERROR: malformed number (#2): 0ll_ud1
ERROR: malformed number (#2): 0LL_ud1
ERROR: malformed number (#4): 0X_ud1
ERROR: invalid integer suffix lL
ERROR: malformed number (#3): 0x0X
ERROR: malformed number (#3): 0x0X
ERROR: invalid integer suffix lL
ERROR: invalid integer suffix lL
ERROR: malformed number (#3): 0x0uX
ERROR: malformed number (#3): 0x0Xu
ERROR: invalid integer suffix ulL
ERROR: invalid integer suffix lLu
ERROR: malformed number (#2): 0x0u_ud2
ERROR: malformed number (#3): 0x0UX
ERROR: malformed number (#3): 0x0XU
ERROR: invalid integer suffix UlL
ERROR: invalid integer suffix lLU
ERROR: malformed number (#2): 0x0U_ud2
ERROR: malformed number (#3): 0x0W
ERROR: malformed number (#3): 0x0W
ERROR: malformed number (#3): 0x0Wl
ERROR: malformed number (#3): 0x0lW
ERROR: malformed number (#3): 0x0WL
ERROR: malformed number (#3): 0x0LW
ERROR: malformed number (#3): 0x0Wll
ERROR: malformed number (#3): 0x0llW
ERROR: malformed number (#3): 0x0WLL
ERROR: malformed number (#3): 0x0LLW
ERROR: malformed number (#3): 0x0WX
ERROR: malformed number (#3): 0x0XW
ERROR: invalid integer suffix lL
ERROR: malformed number (#3): 0x0lLW
ERROR: malformed number (#3): 0x0W_ud2
ERROR: malformed number (#2): 0x0l_ud1
ERROR: malformed number (#2): 0x0L_ud1
ERROR: malformed number (#2): 0x0ll_ud1
ERROR: malformed number (#2): 0x0LL_ud1
ERROR: malformed number (#3): 0x0X_ud1
ERROR: invalid integer suffix lL
ERROR: malformed number (#4): 00X
ERROR: malformed number (#4): 00X
ERROR: invalid integer suffix lL
ERROR: invalid integer suffix lL
ERROR: malformed number (#4): 00uX
ERROR: malformed number (#4): 00Xu
ERROR: invalid integer suffix ulL
ERROR: invalid integer suffix lLu
ERROR: malformed number (#2): 00u_ud2
ERROR: malformed number (#4): 00UX
ERROR: malformed number (#4): 00XU
ERROR: invalid integer suffix UlL
ERROR: invalid integer suffix lLU
ERROR: malformed number (#2): 00U_ud2
ERROR: malformed number (#4): 00W
ERROR: malformed number (#4): 00W
ERROR: malformed number (#4): 00Wl
ERROR: malformed number (#4): 00lW
ERROR: malformed number (#4): 00WL
ERROR: malformed number (#4): 00LW
ERROR: malformed number (#4): 00Wll
ERROR: malformed number (#4): 00llW
ERROR: malformed number (#4): 00WLL
ERROR: malformed number (#4): 00LLW
ERROR: malformed number (#4): 00WX
ERROR: malformed number (#4): 00XW
ERROR: invalid integer suffix lL
ERROR: malformed number (#4): 00lLW
ERROR: malformed number (#4): 00W_ud2
ERROR: malformed number (#2): 00l_ud1
ERROR: malformed number (#2): 00L_ud1
ERROR: malformed number (#2): 00ll_ud1
ERROR: malformed number (#2): 00LL_ud1
ERROR: malformed number (#4): 00X_ud1
ERROR: invalid integer suffix lL
ERROR: malformed number (#5): 123X
ERROR: malformed number (#5): 123X
ERROR: invalid integer suffix lL
ERROR: invalid integer suffix lL
ERROR: malformed number (#5): 123uX
ERROR: malformed number (#5): 123Xu
ERROR: invalid integer suffix ulL
ERROR: invalid integer suffix lLu
ERROR: malformed number (#2): 123u_ud2
ERROR: malformed number (#5): 123UX
ERROR: malformed number (#5): 123XU
ERROR: invalid integer suffix UlL
ERROR: invalid integer suffix lLU
ERROR: malformed number (#2): 123U_ud2
ERROR: malformed number (#5): 123W
ERROR: malformed number (#5): 123W
ERROR: malformed number (#5): 123Wl
ERROR: malformed number (#5): 123lW
ERROR: malformed number (#5): 123WL
ERROR: malformed number (#5): 123LW
ERROR: malformed number (#5): 123Wll
ERROR: malformed number (#5): 123llW
ERROR: malformed number (#5): 123WLL
ERROR: malformed number (#5): 123LLW
ERROR: malformed number (#5): 123WX
ERROR: malformed number (#5): 123XW
ERROR: invalid integer suffix lL
ERROR: malformed number (#5): 123lLW
ERROR: malformed number (#5): 123W_ud2
ERROR: malformed number (#2): 123l_ud1
ERROR: malformed number (#2): 123L_ud1
ERROR: malformed number (#2): 123ll_ud1
ERROR: malformed number (#2): 123LL_ud1
ERROR: malformed number (#5): 123X_ud1
ERROR: invalid integer suffix lL
ERROR: malformed number (#3): 0x123X
ERROR: malformed number (#3): 0x123X
ERROR: invalid integer suffix lL
ERROR: invalid integer suffix lL
ERROR: malformed number (#3): 0x123uX
ERROR: malformed number (#3): 0x123Xu
ERROR: invalid integer suffix ulL
ERROR: invalid integer suffix lLu
ERROR: malformed number (#2): 0x123u_ud2
ERROR: malformed number (#3): 0x123UX
ERROR: malformed number (#3): 0x123XU
ERROR: invalid integer suffix UlL
ERROR: invalid integer suffix lLU
ERROR: malformed number (#2): 0x123U_ud2
ERROR: malformed number (#3): 0x123W
ERROR: malformed number (#3): 0x123W
ERROR: malformed number (#3): 0x123Wl
ERROR: malformed number (#3): 0x123lW
ERROR: malformed number (#3): 0x123WL
ERROR: malformed number (#3): 0x123LW
ERROR: malformed number (#3): 0x123Wll
ERROR: malformed number (#3): 0x123llW
ERROR: malformed number (#3): 0x123WLL
ERROR: malformed number (#3): 0x123LLW
ERROR: malformed number (#3): 0x123WX
ERROR: malformed number (#3): 0x123XW
ERROR: invalid integer suffix lL
ERROR: malformed number (#3): 0x123lLW
ERROR: malformed number (#3): 0x123W_ud2
ERROR: malformed number (#2): 0x123l_ud1
ERROR: malformed number (#2): 0x123L_ud1
ERROR: malformed number (#2): 0x123ll_ud1
ERROR: malformed number (#2): 0x123LL_ud1
ERROR: malformed number (#3): 0x123X_ud1
ERROR: invalid integer suffix lL
ERROR: malformed number (#4): 0123X
ERROR: malformed number (#4): 0123X
ERROR: invalid integer suffix lL
ERROR: invalid integer suffix lL
ERROR: malformed number (#4): 0123uX
ERROR: malformed number (#4): 0123Xu
ERROR: invalid integer suffix ulL
ERROR: invalid integer suffix lLu
ERROR: malformed number (#2): 0123u_ud2
ERROR: malformed number (#4): 0123UX
ERROR: malformed number (#4): 0123XU
ERROR: invalid integer suffix UlL
ERROR: invalid integer suffix lLU
ERROR: malformed number (#2): 0123U_ud2
ERROR: malformed number (#4): 0123W
ERROR: malformed number (#4): 0123W
ERROR: malformed number (#4): 0123Wl
ERROR: malformed number (#4): 0123lW
ERROR: malformed number (#4): 0123WL
ERROR: malformed number (#4): 0123LW
ERROR: malformed number (#4): 0123Wll
ERROR: malformed number (#4): 0123llW
ERROR: malformed number (#4): 0123WLL
ERROR: malformed number (#4): 0123LLW
ERROR: malformed number (#4): 0123WX
ERROR: malformed number (#4): 0123XW
ERROR: invalid integer suffix lL
ERROR: malformed number (#4): 0123lLW
ERROR: malformed number (#4): 0123W_ud2
ERROR: malformed number (#2): 0123l_ud1
ERROR: malformed number (#2): 0123L_ud1
ERROR: malformed number (#2): 0123ll_ud1
ERROR: malformed number (#2): 0123LL_ud1
ERROR: malformed number (#4): 0123X_ud1
ERROR: invalid integer suffix lL
