ERROR: ud_suffix does not start with _: 'u'da
ERROR: ud_suffix does not start with _: "dafa"da
