ERROR: invalid user defined suffix: da
ERROR: invalid user defined suffix
