ERROR: Invalid integer literal suffix: 0x7FFFFFFFl_ud1
ERROR: Invalid integer literal suffix: 0x7FFFFFFFL_ud1
ERROR: Invalid integer literal suffix: 0x7FFFFFFFll_ud1
ERROR: Invalid integer literal suffix: 0x7FFFFFFFLL_ud1
ERROR: Invalid integer literal suffix: 0x7FFFFFFEl_ud1
ERROR: Invalid integer literal suffix: 0x7FFFFFFEL_ud1
ERROR: Invalid integer literal suffix: 0x7FFFFFFEll_ud1
ERROR: Invalid integer literal suffix: 0x7FFFFFFELL_ud1
ERROR: Invalid integer literal suffix: 0x80000000l_ud1
ERROR: Invalid integer literal suffix: 0x80000000L_ud1
ERROR: Invalid integer literal suffix: 0x80000000ll_ud1
ERROR: Invalid integer literal suffix: 0x80000000LL_ud1
ERROR: Invalid integer literal suffix: 0xFFFFFFFFl_ud1
ERROR: Invalid integer literal suffix: 0xFFFFFFFFL_ud1
ERROR: Invalid integer literal suffix: 0xFFFFFFFFll_ud1
ERROR: Invalid integer literal suffix: 0xFFFFFFFFLL_ud1
ERROR: Invalid integer literal suffix: 0xFFFFFFFFl_ud1
ERROR: Invalid integer literal suffix: 0xFFFFFFFFL_ud1
ERROR: Invalid integer literal suffix: 0xFFFFFFFFll_ud1
ERROR: Invalid integer literal suffix: 0xFFFFFFFFLL_ud1
ERROR: Invalid integer literal suffix: 0x100000000l_ud1
ERROR: Invalid integer literal suffix: 0x100000000L_ud1
ERROR: Invalid integer literal suffix: 0x100000000ll_ud1
ERROR: Invalid integer literal suffix: 0x100000000LL_ud1
ERROR: Invalid integer literal suffix: 0x7FFFFFFFFFFFFFFFl_ud1
ERROR: Invalid integer literal suffix: 0x7FFFFFFFFFFFFFFFL_ud1
ERROR: Invalid integer literal suffix: 0x7FFFFFFFFFFFFFFFll_ud1
ERROR: Invalid integer literal suffix: 0x7FFFFFFFFFFFFFFFLL_ud1
ERROR: Invalid integer literal suffix: 0x7FFFFFFFFFFFFFFEl_ud1
ERROR: Invalid integer literal suffix: 0x7FFFFFFFFFFFFFFEL_ud1
ERROR: Invalid integer literal suffix: 0x7FFFFFFFFFFFFFFEll_ud1
ERROR: Invalid integer literal suffix: 0x7FFFFFFFFFFFFFFELL_ud1
ERROR: Invalid integer literal suffix: 0x8000000000000000l_ud1
ERROR: Invalid integer literal suffix: 0x8000000000000000L_ud1
ERROR: Invalid integer literal suffix: 0x8000000000000000ll_ud1
ERROR: Invalid integer literal suffix: 0x8000000000000000LL_ud1
ERROR: Invalid integer literal suffix: 0xFFFFFFFFFFFFFFFFl_ud1
ERROR: Invalid integer literal suffix: 0xFFFFFFFFFFFFFFFFL_ud1
ERROR: Invalid integer literal suffix: 0xFFFFFFFFFFFFFFFFll_ud1
ERROR: Invalid integer literal suffix: 0xFFFFFFFFFFFFFFFFLL_ud1
ERROR: Invalid integer literal suffix: 0xFFFFFFFFFFFFFFFEl_ud1
ERROR: Invalid integer literal suffix: 0xFFFFFFFFFFFFFFFEL_ud1
ERROR: Invalid integer literal suffix: 0xFFFFFFFFFFFFFFFEll_ud1
ERROR: Invalid integer literal suffix: 0xFFFFFFFFFFFFFFFELL_ud1
ERROR: hexidecimal literal out of range: 0x10000000000000000
ERROR: hexidecimal literal out of range: 0x10000000000000000
ERROR: hexidecimal literal out of range: 0x10000000000000000l
ERROR: hexidecimal literal out of range: 0x10000000000000000l
ERROR: hexidecimal literal out of range: 0x10000000000000000L
ERROR: hexidecimal literal out of range: 0x10000000000000000L
ERROR: hexidecimal literal out of range: 0x10000000000000000ll
ERROR: hexidecimal literal out of range: 0x10000000000000000ll
ERROR: hexidecimal literal out of range: 0x10000000000000000LL
ERROR: hexidecimal literal out of range: 0x10000000000000000LL
ERROR: hexidecimal literal out of range: 0x10000000000000000u
ERROR: hexidecimal literal out of range: 0x10000000000000000u
ERROR: hexidecimal literal out of range: 0x10000000000000000ul
ERROR: hexidecimal literal out of range: 0x10000000000000000lu
ERROR: hexidecimal literal out of range: 0x10000000000000000uL
ERROR: hexidecimal literal out of range: 0x10000000000000000Lu
ERROR: hexidecimal literal out of range: 0x10000000000000000ull
ERROR: hexidecimal literal out of range: 0x10000000000000000llu
ERROR: hexidecimal literal out of range: 0x10000000000000000uLL
ERROR: hexidecimal literal out of range: 0x10000000000000000LLu
ERROR: hexidecimal literal out of range: 0x10000000000000000U
ERROR: hexidecimal literal out of range: 0x10000000000000000U
ERROR: hexidecimal literal out of range: 0x10000000000000000Ul
ERROR: hexidecimal literal out of range: 0x10000000000000000lU
ERROR: hexidecimal literal out of range: 0x10000000000000000UL
ERROR: hexidecimal literal out of range: 0x10000000000000000LU
ERROR: hexidecimal literal out of range: 0x10000000000000000Ull
ERROR: hexidecimal literal out of range: 0x10000000000000000llU
ERROR: hexidecimal literal out of range: 0x10000000000000000ULL
ERROR: hexidecimal literal out of range: 0x10000000000000000LLU
ERROR: hexidecimal literal out of range: 0x10000000000000000l_ud1
ERROR: hexidecimal literal out of range: 0x10000000000000000L_ud1
ERROR: hexidecimal literal out of range: 0x10000000000000000ll_ud1
ERROR: hexidecimal literal out of range: 0x10000000000000000LL_ud1
