ERROR: invalid character in ud-suffix: 1_e+
ERROR: invalid character in ud-suffix: 1_e+1
ERROR: invalid character in ud-suffix: 1.0_e+1
