ERROR: string-literal in controlling expression
ERROR: floating literal in controlling expression
