ERROR: closing bracket expected in controlling expression
ERROR: expected identifier or literal in controlling expression
