ERROR: non-identifier after defined in controlling expression
ERROR: non-identifier after defined in controlling expression
ERROR: non-identifier after defined in controlling expression
