ERROR: evaluation error in controlling expression
ERROR: evaluation error in controlling expression
ERROR: evaluation error in controlling expression
ERROR: evaluation error in controlling expression
ERROR: evaluation error in controlling expression
ERROR: evaluation error in controlling expression
ERROR: evaluation error in controlling expression
ERROR: evaluation error in controlling expression
ERROR: evaluation error in controlling expression
